// Jest Snapshot v1, https://goo.gl/fbAQLP

exports[`Dropdown displays a <Dropdown> element 1`] = `
<details
  className="projecthub-dropdown details-reset details-overlay dropdown"
>
  <summary
    aria-expanded={false}
    aria-haspopup="menu"
    className="btn"
    onClick={[Function]}
    role="button"
  >
    Open me
  </summary>
  <details-menu
    className="dropdown-menu-content f5"
    role="menu"
  >
    <ul
      className="dropdown-menu dropdown-menu-sw"
    >
      Pick me
    </ul>
  </details-menu>
</details>
`;
