// Jest Snapshot v1, https://goo.gl/fbAQLP

exports[`Icon displays a <svg> element 1`] = `"<svg aria-hidden=\\"true\\" aria-label=\\"\\" class=\\"octicon octicon-x\\" height=\\"16\\" width=\\"16\\" role=\\"img\\" version=\\"1.1\\" viewBox=\\"0 0 12 16\\"><path fill-rule=\\"evenodd\\" d=\\"M7.48 8l3.75 3.75-1.48 1.48L6 9.48l-3.75 3.75-1.48-1.48L4.52 8 .77 4.25l1.48-1.48L6 6.52l3.75-3.75 1.48 1.48z\\"></path></svg>"`;
